e2r8p2% pwd
/sgoinfre/goinfre/Perso/cgaillag/mygithub/42_minishell_v20221002
e2r8p2% cd ../../
e2r8p2% ls
42_git	BB_git	mygithub  outout  xmplz
e2r8p2% cd xmplz 
e2r8p2% la
zsh: command not found: la
e2r8p2% ls
a.out  code1.c	code2.c
e2r8p2% bash
cgaillag@e2r8p2:/sgoinfre/goinfre/Perso/cgaillag/xmplz$ /
bash: /: Is a directory
cgaillag@e2r8p2:/sgoinfre/goinfre/Perso/cgaillag/xmplz$ echo $?
126
cgaillag@e2r8p2:/sgoinfre/goinfre/Perso/cgaillag/xmplz$ ////
bash: ////: Is a directory
cgaillag@e2r8p2:/sgoinfre/goinfre/Perso/cgaillag/xmplz$ echo $?
126
cgaillag@e2r8p2:/sgoinfre/goinfre/Perso/cgaillag/xmplz$ /usr/bin/ls
a.out  code1.c	code2.c
cgaillag@e2r8p2:/sgoinfre/goinfre/Perso/cgaillag/xmplz$ /usr/bin/l
bash: /usr/bin/l: No such file or directory
cgaillag@e2r8p2:/sgoinfre/goinfre/Perso/cgaillag/xmplz$ echo $?
127
cgaillag@e2r8p2:/sgoinfre/goinfre/Perso/cgaillag/xmplz$ /usr/bin/l/
bash: /usr/bin/l/: No such file or directory
cgaillag@e2r8p2:/sgoinfre/goinfre/Perso/cgaillag/xmplz$ ./out
bash: ./out: No such file or directory
cgaillag@e2r8p2:/sgoinfre/goinfre/Perso/cgaillag/xmplz$ a./out
bash: a./out: No such file or directory
cgaillag@e2r8p2:/sgoinfre/goinfre/Perso/cgaillag/xmplz$ a.out

a.out: command not found
cgaillag@e2r8p2:/sgoinfre/goinfre/Perso/cgaillag/xmplz$ 
cgaillag@e2r8p2:/sgoinfre/goinfre/Perso/cgaillag/xmplz$ echo $?
127
cgaillag@e2r8p2:/sgoinfre/goinfre/Perso/cgaillag/xmplz$ ./a.out
Valeur de n : 1
Valeur de n : 2
Valeur de n : 3
cgaillag@e2r8p2:/sgoinfre/goinfre/Perso/cgaillag/xmplz$ ./a.out/
bash: ./a.out/: Not a directory
cgaillag@e2r8p2:/sgoinfre/goinfre/Perso/cgaillag/xmplz$ /a.out/
bash: /a.out/: No such file or directory
cgaillag@e2r8p2:/sgoinfre/goinfre/Perso/cgaillag/xmplz$ 


cgaillag@e2r8p2:~$ ls
Desktop    Downloads  Music	Public	  Templates
Documents  goinfre    Pictures	sgoinfre  Videos
cgaillag@e2r8p2:~$ touch toto
cgaillag@e2r8p2:~$ ./toto
bash: ./toto: Permission denied
cgaillag@e2r8p2:~$ ./toto/
bash: ./toto/: Not a directory
cgaillag@e2r8p2:~$ /..
bash: /..: Is a directory
cgaillag@e2r8p2:~$ /../
bash: /../: Is a directory
cgaillag@e2r8p2:~$ echo $?
126
cgaillag@e2r8p2:~$ pwd
/mnt/nfs/homes/cgaillag
cgaillag@e2r8p2:~$ /mnt/nfs/homes/cgaill
bash: /mnt/nfs/homes/cgaill: No such file or directory
cgaillag@e2r8p2:~$ 
cgaillag@e2r8p2:~$ 
cgaillag@e2r8p2:~$ 
cgaillag@e2r8p2:~$ /mnt/nfs/homes/cgaillag/toto/
bash: /mnt/nfs/homes/cgaillag/toto/: Not a directory

